event='listener_starting' level='info' timestamp='2026-09-05T07:57:19.831887Z' component='listener' outcome='success' mode='socket_mode' allowed_channels=1 life_notes_configured=True
event='socket_mode_connected' level='info' timestamp='2026-09-05T07:57:20.965648Z' component='listener' outcome='success' ping_interval_s=5.0 health_interval_s=15.0
event='message_received' level='info' timestamp='2026-09-05T07:58:19.221779Z' component='listener' correlation_id='02452c8b-f951-49d9-9a6a-44ce200fd92e' channel_id='C0BNR7NG37V' user_id='U0BNVEGA19C' slack_event_id='8949FD14-A451-41E4-9C68-15235DE12971' message_length=20 message_preview='聽朝11點帶梓梵去MS Wong 度上堂'
event='dispatch_succeeded' level='info' timestamp='2026-09-05T07:58:19.234425Z' component='listener' correlation_id='02452c8b-f951-49d9-9a6a-44ce200fd92e' outcome='success' next_component='parser' intent_type='needs_clarification' duration_ms=17
event='listener_starting' level='info' timestamp='2026-09-05T08:26:40.947039Z' component='listener' outcome='success' mode='socket_mode' allowed_channels=1 life_notes_configured=True
event='socket_mode_connected' level='info' timestamp='2026-09-05T08:26:42.062207Z' component='listener' outcome='success' ping_interval_s=5.0 health_interval_s=15.0
event='message_received' level='info' timestamp='2026-09-05T08:27:17.060144Z' component='listener' correlation_id='c7b7c003-8eed-4123-a11b-c19f8070d8c4' channel_id='C0BNR7NG37V' user_id='U0BNVEGA19C' slack_event_id='E1CB1CA4-A1DB-470D-B95D-922432CE8170' message_length=20 message_preview='聽朝11點帶梓梵去MS Wong 度上堂'
event='dispatch_succeeded' level='info' timestamp='2026-09-05T08:27:18.791449Z' component='listener' correlation_id='c7b7c003-8eed-4123-a11b-c19f8070d8c4' outcome='success' next_component='confirmation' intent_type='create_event' duration_ms=1731
event='message_received' level='info' timestamp='2026-09-05T11:35:33.446814Z' component='listener' correlation_id='77b2a472-e0a0-46bb-8a77-860a117a9c44' channel_id='C0BNR7NG37V' user_id='U0BNVEGA19C' slack_event_id='9E19670A-A61C-44DA-A2DB-45E76665BB8D' message_length=20 message_preview='聽朝11點帶梓梵去MS Wong 度上堂'
event='dispatch_succeeded' level='info' timestamp='2026-09-05T11:35:33.674310Z' component='listener' correlation_id='77b2a472-e0a0-46bb-8a77-860a117a9c44' outcome='success' next_component='confirmation' intent_type='create_event' duration_ms=234
event='message_received' level='info' timestamp='2026-09-05T13:01:01.489494Z' component='listener' correlation_id='973a6126-cb4b-4a7a-b6a0-33afae26dee2' channel_id='C0BNR7NG37V' user_id='U0BNVEGA19C' slack_event_id='736AE9F5-93C0-4589-9CF2-BE14F400E136' message_length=6 message_preview='聽日有咩做？'
event='dispatch_succeeded' level='info' timestamp='2026-09-05T13:01:01.496781Z' component='listener' correlation_id='973a6126-cb4b-4a7a-b6a0-33afae26dee2' outcome='success' next_component='parser' intent_type='needs_clarification' duration_ms=14
event='message_received' level='info' timestamp='2026-09-05T13:01:53.469506Z' component='listener' correlation_id='7174a362-7815-47ae-9a92-1de5a4c63d36' channel_id='C0BNR7NG37V' user_id='U0BNVEGA19C' slack_event_id='C603CD57-2B2B-4714-BD12-9068F2386D3A' message_length=5 message_preview='明天活動？'
event='dispatch_succeeded' level='info' timestamp='2026-09-05T13:01:53.471781Z' component='listener' correlation_id='7174a362-7815-47ae-9a92-1de5a4c63d36' outcome='success' next_component='parser' intent_type='needs_clarification' duration_ms=2
event='message_received' level='info' timestamp='2026-09-05T13:08:20.576689Z' component='listener' correlation_id='fc32caab-8e62-4d1f-ac0d-c74a6ef738ea' channel_id='C0BNR7NG37V' user_id='U0BNVEGA19C' slack_event_id='DC76C16E-3A88-48CC-8591-9A9FFABA343B' message_length=33 message_preview='what are the events for tomorrow?'
event='dispatch_succeeded' level='info' timestamp='2026-09-05T13:08:20.578781Z' component='listener' correlation_id='fc32caab-8e62-4d1f-ac0d-c74a6ef738ea' outcome='success' next_component='parser' intent_type='needs_clarification' duration_ms=2
event='message_received' level='info' timestamp='2026-09-05T23:25:33.279296Z' component='listener' correlation_id='019464a4-e768-451f-8843-45fc65ae2a1f' channel_id='C0BNR7NG37V' user_id='U0BNVEGA19C' slack_event_id='D575F5A1-2C77-485E-B40F-6F61F598B9EE' message_length=6 message_preview='今日有咩做？'
event='dispatch_succeeded' level='info' timestamp='2026-09-05T23:25:33.290791Z' component='listener' correlation_id='019464a4-e768-451f-8843-45fc65ae2a1f' outcome='success' next_component='parser' intent_type='unknown' duration_ms=15
event='message_received' level='info' timestamp='2026-09-05T23:25:58.007148Z' component='listener' correlation_id='9454155e-96c0-4209-9a85-74a0d2d6f0e6' channel_id='C0BNR7NG37V' user_id='U0BNVEGA19C' slack_event_id='849467A0-93A4-45BE-9DD4-F49E60EC3305' message_length=30 message_preview='what are the events for today?'
event='dispatch_succeeded' level='info' timestamp='2026-09-05T23:25:58.009159Z' component='listener' correlation_id='9454155e-96c0-4209-9a85-74a0d2d6f0e6' outcome='success' next_component='parser' intent_type='unknown' duration_ms=2
event='message_received' level='info' timestamp='2026-09-05T23:26:37.613649Z' component='listener' correlation_id='46eb4c46-1fce-42c4-a562-f7a8400e2247' channel_id='C0BNR7NG37V' user_id='U0BNVEGA19C' slack_event_id='C35D4C65-FCA4-4CAF-A8D1-71B02CD94E67' message_length=37 message_preview='tell me all events for next 24 hours?'
event='dispatch_succeeded' level='info' timestamp='2026-09-05T23:26:37.616848Z' component='listener' correlation_id='46eb4c46-1fce-42c4-a562-f7a8400e2247' outcome='success' next_component='parser' intent_type='unknown' duration_ms=3
